0000 0000	0	0000 0000 0000 0000	0	.... .... .... ....
0000 0001	0	0000 0000 0000 0000	0	.... .... .... ....
0000 0010	0	1010 1011 1100 1101	0	.... .... .... ....
0000 0011	0	1111 1111 1111 1111	0	.... .... .... ....
0000 0100	0	1111 1111 1111 1111	0	.... .... .... ....
0000 0101	0	1101 1111 1111 1110	0	.... .... .... ....
0000 0110	1	1011 1101 0101 1010	0	.... .... .... ....
0000 0111	0	0101 0101 0101 0100	0	.... .... .... ....
0000 1000	0	1110 1110 1110 1110	0	.... .... .... ....
0000 1001	1	0000 0000 0000 0000	0	.... .... .... ....
